[Wed Jan 13 00:00:01.551430 2016] [include:error] [pid 28166] [client 10.254.0.201:45788] unable to include "/include/all/bottom/index.shtml" in parsed file /data-1T/webserver/life/20150522/PHOA1432258659183950.shtml, subrequest setup returned 403, referer: http://life.brtn.cn/travel/chihuo/index.shtml
[Wed Jan 13 00:00:32.662086 2016] [include:error] [pid 28506] [client 10.254.0.201:49336] unable to include "/including/kbhy/index.shtml" in parsed file /data-1T/webserver/finance/20151230/ARTI1451437548315928.shtml, subrequest returned 404, referer: http://finance.brtn.cn/guoneicaijing/index.shtml
[Wed Jan 13 00:00:33.875691 2016] [include:error] [pid 28513] [client 10.254.0.201:49457] unable to include "/including/kbhy/index.shtml" in parsed file /data-1T/webserver/finance/20151230/ARTI1451437548315928.shtml, subrequest returned 404, referer: http://finance.brtn.cn/guoneicaijing/index.shtml
[Wed Jan 13 00:00:54.515643 2016] [include:error] [pid 28505] [client 10.254.0.201:51746] unable to include "/including/kbhy/index.shtml" in parsed file /data-1T/webserver/legal/20151229/ARTI1451377587331132.shtml, subrequest returned 404, referer: http://legal.brtn.cn/fazhiredianfazhiquanguo/
[Wed Jan 13 00:02:28.541552 2016] [include:error] [pid 28620] [client 10.254.0.201:34831] unable to include "/caijin/kbhy/index.shtml" in parsed file /data-1T/webserver/tv/20151229/ARTI1451355628738881.shtml, subrequest returned 404, referer: http://tv.brtn.cn/btvfinance/jiemudongtai/index.shtml
[Wed Jan 13 00:02:36.489697 2016] [include:error] [pid 28696] [client 10.254.0.201:35977] unable to include "/jiaodian/bhy/yl/index.shtml" in parsed file /data-1T/webserver/20160108/ARTI1452219816850602.shtml, subrequest returned 404, referer: http://news.baidu.com/ns?ct=1&rn=20&ie=utf-8&bs=%E6%A6%82%E7%8E%87+%E6%91%87%E5%8F%B7+%E9%9C%80%E8%A6%81%E5%A4%9A%E5%B0%91%E6%AC%A1+%E7%9F%A5%E4%B9%8E&rsv_bp=1&sr=0&cl=2&f=8&prevct=no&tn=news&word=%E6%A6%82%E7%8E%87+%E6%91%87%E5%8F%B7+&rsv_sug3=2&rsv_sug4=42&rsv_sug1=2&rsv_sug2=0&inputT=362&rsv_sug=1
[Wed Jan 13 00:02:45.526899 2016] [include:error] [pid 28510] [client 10.254.0.201:37105] unable to include "/caijin/kbhy/index.shtml" in parsed file /data-1T/webserver/tv/20151221/ARTI1450677633619550.shtml, subrequest returned 404, referer: http://tv.brtn.cn/btvfinance/jiemudongtai/index.shtml
[Wed Jan 13 00:03:05.787894 2016] [include:error] [pid 28696] [client 10.254.0.201:39713] unable to include "/including/kbhy/index.shtml" in parsed file /data-1T/webserver/finance/20151230/ARTI1451460225257969.shtml, subrequest returned 404, referer: http://finance.brtn.cn/zhengquan/index.shtml
[Wed Jan 13 00:03:06.240773 2016] [include:error] [pid 28540] [client 10.254.0.201:39751] unable to include "/jiaodian/bhy/yl/index.shtml" in parsed file /data-1T/webserver/20160107/ARTI1452126054603418.shtml, subrequest returned 404
[Wed Jan 13 00:03:07.737451 2016] [include:error] [pid 28506] [client 10.254.0.201:40018] unable to include "/including/kbhy/index.shtml" in parsed file /data-1T/webserver/finance/20151230/ARTI1451438055107470.shtml, subrequest returned 404, referer: http://finance.brtn.cn/zhengquan/index.shtml
[Wed Jan 13 00:03:35.739566 2016] [include:error] [pid 28620] [client 10.254.0.201:43209] unable to include "/including/kbhy/index.shtml" in parsed file /data-1T/webserver/finance/20151230/ARTI1451437708721477.shtml, subrequest returned 404, referer: http://finance.brtn.cn/guoneicaijing/index.shtml
[Wed Jan 13 00:03:37.795927 2016] [include:error] [pid 28511] [client 10.254.0.201:43368] unable to include "/dcbhy/yl/index.shtml" in parsed file /data-1T/webserver/tv/20160101/VIDE1451654505750713_wap.shtml, subrequest returned 404, referer: http://weibo.com/esportsht?from=feed&loc=nickname&is_hot=1
[Wed Jan 13 00:03:39.288181 2016] [include:error] [pid 28623] [client 10.254.0.201:43465] unable to include "/including/kbhy/index.shtml" in parsed file /data-1T/webserver/finance/20151230/ARTI1451437594239171.shtml, subrequest returned 404, referer: http://finance.brtn.cn/guoneicaijing/index.shtml
[Wed Jan 13 00:03:40.795298 2016] [include:error] [pid 28540] [client 10.254.0.201:43615] unable to include "/jiaodian/bhy/yl/index.shtml" in parsed file /data-1T/webserver/20160101/ARTI1451632241583301.shtml, subrequest returned 404, referer: http://news.baidu.com/ns?word=%E7%8E%8B%E5%87%AF%E7%8E%8B%E5%A6%83&rsp=5&f=1&oq=%E7%8E%8B%E5%87%AF&cl=2&ct=1&tn=news&rn=20&ie=utf-8&bt=0&et=0&rs_src=0
[Wed Jan 13 00:03:46.726343 2016] [include:error] [pid 28510] [client 10.254.0.201:44323] unable to include "/including/kbhy/index.shtml" in parsed file /data-1T/webserver/finance/20151230/ARTI1451437121906677.shtml, subrequest returned 404, referer: http://finance.brtn.cn/guoneicaijing/index.shtml
[Wed Jan 13 00:03:53.676065 2016] [include:error] [pid 28620] [client 10.254.0.201:45259] unable to include "/bhyws/hbyws01/index.shtml" in parsed file /data-1T/webserver/zmbj/20130617/VIDE1371404109165746.shtml, subrequest returned 404
[Wed Jan 13 00:03:55.137879 2016] [include:error] [pid 28623] [client 10.254.0.201:45410] unable to include "/dcbhy/yl/index.shtml" in parsed file /data-1T/webserver/tv/20160111/ARTI1452482747866572_2.shtml, subrequest returned 404, referer: http://tv.brtn.cn
[Wed Jan 13 00:04:13.104543 2016] [include:error] [pid 28696] [client 10.254.0.201:47873] unable to include "/dcbhy/yl/index.shtml" in parsed file /data-1T/webserver/tv/20160106/VIDE1452084547403984_wap.shtml, subrequest returned 404
[Wed Jan 13 00:04:33.641889 2016] [autoindex:error] [pid 28806] [client 10.254.0.201:50522] AH01276: Cannot serve directory /data-1T/webserver/img/: No matching DirectoryIndex (index.htm,index.html,index.php,index.shtml) found, and server-generated directory index forbidden by Options directive
[Wed Jan 13 00:04:40.186578 2016] [include:error] [pid 28788] [client 10.254.0.201:51368] unable to include "/pdinclude/xwsj/index.shtml" in parsed file /data-1T/webserver/tv/20141006/VIDE1412604705906239_wap.shtml, subrequest returned 404, referer: https://m.baidu.com/from=2001a/bd_page_type=1/ssid=0/uid=0/pu=sz%401320_2003%2Cta%40iphone_1_9.2_1_10.7%2Cusm%402/baiduid=FC28625C42EE054869FADFFF96880139/w=0_10_%E5%8F%8C%E6%A1%A5%E8%80%81%E6%B5%81%E6%B0%93%E6%9D%8E%E5%AE%9D%E6%88%90%E7%AE%80%E5%8E%86/t=iphone/l=1/tc?ref=www_iphone&lid=2599132350436735610&order=5&vit=osres&tj=www_normal_5_0_10_title&waput=4&waplogo=1&cltj=normal_title&dict=30&title=%E5%8C%97%E4%BA%AC%E8%AE%B0%E5%BF%86%3A%E8%BF%BD%E5%87%B6%287%29%E6%8A%93%E6%8D%95%E5%8F%8C%E6%A1%A5%E8%80%81%E6%B5%81%E6%B0%93-BRTN%E5%8C%97%E4%BA%AC...&sec=9296&di=cd5f3db2f7fbf795&bdenc=1&tch=124.65.180.811.3.479&tch=124.65.180.811.3.479&nsrc=IlPT2AEptyoA_yixCFOxXnANedT62v3IEgDPNzxE0HSxo9jpnK_vUQIrEm3d2Sm52SzR9T4KsBsHwHCg07Ef7RR2raM0dDpf6Tq6s_Go&eqid=a9a5286dcea15800100000035694b1fd&wd=
[Wed Jan 13 00:04:40.203828 2016] [include:error] [pid 28788] [client 10.254.0.201:51368] unable to include "/pdinclude/xwsjxgyd/index.shtml" in parsed file /data-1T/webserver/tv/20141006/VIDE1412604705906239_wap.shtml, subrequest returned 404, referer: https://m.baidu.com/from=2001a/bd_page_type=1/ssid=0/uid=0/pu=sz%401320_2003%2Cta%40iphone_1_9.2_1_10.7%2Cusm%402/baiduid=FC28625C42EE054869FADFFF96880139/w=0_10_%E5%8F%8C%E6%A1%A5%E8%80%81%E6%B5%81%E6%B0%93%E6%9D%8E%E5%AE%9D%E6%88%90%E7%AE%80%E5%8E%86/t=iphone/l=1/tc?ref=www_iphone&lid=2599132350436735610&order=5&vit=osres&tj=www_normal_5_0_10_title&waput=4&waplogo=1&cltj=normal_title&dict=30&title=%E5%8C%97%E4%BA%AC%E8%AE%B0%E5%BF%86%3A%E8%BF%BD%E5%87%B6%287%29%E6%8A%93%E6%8D%95%E5%8F%8C%E6%A1%A5%E8%80%81%E6%B5%81%E6%B0%93-BRTN%E5%8C%97%E4%BA%AC...&sec=9296&di=cd5f3db2f7fbf795&bdenc=1&tch=124.65.180.811.3.479&tch=124.65.180.811.3.479&nsrc=IlPT2AEptyoA_yixCFOxXnANedT62v3IEgDPNzxE0HSxo9jpnK_vUQIrEm3d2Sm52SzR9T4KsBsHwHCg07Ef7RR2raM0dDpf6Tq6s_Go&eqid=a9a5286dcea15800100000035694b1fd&wd=
[Wed Jan 13 00:04:40.225216 2016] [include:error] [pid 28788] [client 10.254.0.201:51368] unable to include "/pdinclude/xwsjggt/index.shtml" in parsed file /data-1T/webserver/tv/20141006/VIDE1412604705906239_wap.shtml, subrequest returned 404, referer: https://m.baidu.com/from=2001a/bd_page_type=1/ssid=0/uid=0/pu=sz%401320_2003%2Cta%40iphone_1_9.2_1_10.7%2Cusm%402/baiduid=FC28625C42EE054869FADFFF96880139/w=0_10_%E5%8F%8C%E6%A1%A5%E8%80%81%E6%B5%81%E6%B0%93%E6%9D%8E%E5%AE%9D%E6%88%90%E7%AE%80%E5%8E%86/t=iphone/l=1/tc?ref=www_iphone&lid=2599132350436735610&order=5&vit=osres&tj=www_normal_5_0_10_title&waput=4&waplogo=1&cltj=normal_title&dict=30&title=%E5%8C%97%E4%BA%AC%E8%AE%B0%E5%BF%86%3A%E8%BF%BD%E5%87%B6%287%29%E6%8A%93%E6%8D%95%E5%8F%8C%E6%A1%A5%E8%80%81%E6%B5%81%E6%B0%93-BRTN%E5%8C%97%E4%BA%AC...&sec=9296&di=cd5f3db2f7fbf795&bdenc=1&tch=124.65.180.811.3.479&tch=124.65.180.811.3.479&nsrc=IlPT2AEptyoA_yixCFOxXnANedT62v3IEgDPNzxE0HSxo9jpnK_vUQIrEm3d2Sm52SzR9T4KsBsHwHCg07Ef7RR2raM0dDpf6Tq6s_Go&eqid=a9a5286dcea15800100000035694b1fd&wd=
[Wed Jan 13 00:05:01.905634 2016] [include:error] [pid 28876] [client 10.254.0.201:54333] unable to include "/bhyws/hbyws01/index.shtml" in parsed file /data-1T/webserver/zmbj/20130620/VIDE1371726007830438.shtml, subrequest returned 404, referer: http://zmbj.brtn.cn/sczbjlists/
[Wed Jan 13 00:05:16.599374 2016] [include:error] [pid 28787] [client 10.254.0.201:56286] unable to include "/kz/yl/index.shtml" in parsed file /data-1T/webserver/kzjn/20150831/VIDE1441020399792457.shtml, subrequest returned 404
[Wed Jan 13 00:05:26.575810 2016] [include:error] [pid 28867] [client 10.254.0.201:57791] unable to include "/2012/util/all/sjbhy/index.shtml" in parsed file /data-1T/webserver/finance/20140425/ARTI1398387247639338_wap.shtml, subrequest returned 404
[Wed Jan 13 00:05:48.223704 2016] [include:error] [pid 28807] [client 10.254.0.201:60592] unable to include "/jiaodian/bhy/yl/index.shtml" in parsed file /data-1T/webserver/20160106/ARTI1452062374886438.shtml, subrequest returned 404
[Wed Jan 13 00:06:02.802000 2016] [include:error] [pid 28862] [client 10.254.0.201:34261] unable to include "/including/kbhy/index.shtml" in parsed file /data-1T/webserver/mil/20151230/ARTI1451457963330272.shtml, subrequest returned 404
[Wed Jan 13 00:06:02.886176 2016] [include:error] [pid 28979] [client 10.254.0.201:34290] unable to include "/including/kbhy/index.shtml" in parsed file /data-1T/webserver/mil/20151230/ARTI1451440009306161.shtml, subrequest returned 404
[Wed Jan 13 00:06:04.569353 2016] [autoindex:error] [pid 28876] [client 10.254.0.201:34538] AH01276: Cannot serve directory /data-1T/webserver/img/: No matching DirectoryIndex (index.htm,index.html,index.php,index.shtml) found, and server-generated directory index forbidden by Options directive
[Wed Jan 13 00:06:05.140456 2016] [include:error] [pid 28872] [client 10.254.0.201:34571] unable to include "/including/kbhy/index.shtml" in parsed file /data-1T/webserver/mil/20151230/ARTI1451441633717639.shtml, subrequest returned 404
[Wed Jan 13 00:06:28.030226 2016] [include:error] [pid 29035] [client 10.254.0.201:37784] unable to include "/including/kbhy/index.shtml" in parsed file /data-1T/webserver/mil/20151230/ARTI1451457407022847.shtml, subrequest returned 404
[Wed Jan 13 00:06:40.009422 2016] [autoindex:error] [pid 28806] [client 10.254.0.201:39617] AH01276: Cannot serve directory /data-1T/webserver/img/: No matching DirectoryIndex (index.htm,index.html,index.php,index.shtml) found, and server-generated directory index forbidden by Options directive
[Wed Jan 13 00:07:23.047298 2016] [include:error] [pid 29122] [client 10.254.0.201:44944] unable to include "/gongyi/dcy/spyc/index.shtml" in parsed file /data-1T/webserver/gongyi/20150920/VIDE1442746359669555.shtml, subrequest returned 404
[Wed Jan 13 00:07:23.637096 2016] [include:error] [pid 29122] [client 10.254.0.201:44944] unable to include "/bhy/kbhy/index.shtml" in parsed file /data-1T/webserver/gongyi/20150920/VIDE1442746359669555.shtml, subrequest returned 404
[Wed Jan 13 00:07:24.691973 2016] [include:error] [pid 29044] [client 10.254.0.201:45164] unable to include "/gongyi/dcy/spyc/index.shtml" in parsed file /data-1T/webserver/gongyi/20151010/VIDE1444439469312872.shtml, subrequest returned 404
[Wed Jan 13 00:07:25.137310 2016] [include:error] [pid 29044] [client 10.254.0.201:45164] unable to include "/bhy/kbhy/index.shtml" in parsed file /data-1T/webserver/gongyi/20151010/VIDE1444439469312872.shtml, subrequest returned 404
[Wed Jan 13 00:07:25.916661 2016] [include:error] [pid 29045] [client 10.254.0.201:45268] unable to include "/bhy/kbhy/index.shtml" in parsed file /data-1T/webserver/gongyi/20151106/VIDE1446785271060303.shtml, subrequest returned 404
[Wed Jan 13 00:07:27.273681 2016] [autoindex:error] [pid 28959] [client 10.254.0.201:45457] AH01276: Cannot serve directory /data-1T/webserver/img/: No matching DirectoryIndex (index.htm,index.html,index.php,index.shtml) found, and server-generated directory index forbidden by Options directive
[Wed Jan 13 00:07:50.782112 2016] [autoindex:error] [pid 29122] [client 10.254.0.201:48172] AH01276: Cannot serve directory /data-1T/webserver/img/: No matching DirectoryIndex (index.htm,index.html,index.php,index.shtml) found, and server-generated directory index forbidden by Options directive
[Wed Jan 13 00:07:50.853553 2016] [autoindex:error] [pid 28511] [client 10.254.0.201:48182] AH01276: Cannot serve directory /data-1T/webserver/img/: No matching DirectoryIndex (index.htm,index.html,index.php,index.shtml) found, and server-generated directory index forbidden by Options directive
[Wed Jan 13 00:08:46.887632 2016] [autoindex:error] [pid 28959] [client 10.254.0.201:56642] AH01276: Cannot serve directory /data-1T/webserver/img/: No matching DirectoryIndex (index.htm,index.html,index.php,index.shtml) found, and server-generated directory index forbidden by Options directive
[Wed Jan 13 00:09:02.080787 2016] [include:error] [pid 29147] [client 10.254.0.201:58589] unable to include "/including/kbhy/index.shtml" in parsed file /data-1T/webserver/finance/20151230/ARTI1451438032754402.shtml, subrequest returned 404, referer: http://finance.brtn.cn/zhengquan/index.shtml
[Wed Jan 13 00:09:21.311319 2016] [include:error] [pid 29147] [client 10.254.0.201:32948] unable to include "/jiaodian/bhy/yl/index.shtml" in parsed file /data-1T/webserver/20160109/ARTI1452311740524952.shtml, subrequest returned 404, referer: http://www.baidu.com/link?url=4getCrWG7quCIpOfWeg4nZtAI8nsjh9w6XPlO4wuetrCYp9vsf38Y_mVRaqtUkUBjAuBHsqoP1RHDPPEC03EUK&bundleid=com.baidu.BaiduHD&ie=utf-8&wd=%E4%BA%8C%E8%83%8E%E6%97%B6%E4%BB%A3%E5%80%92%E7%AB%8B&dsp=ipad&tn=SE_baiduipadhd2_22k1x757&rn=10&openudid=b761254d9c3aeee4af2e2f7ee1a97aa15a75d3a6&hsug_mtype=0&bs=%E5%80%92%E7%AB%8B
[Wed Jan 13 00:09:29.405313 2016] [include:error] [pid 28959] [client 10.254.0.201:34038] unable to include "/dcbhy/yl/index.shtml" in parsed file /data-1T/webserver/tv/20160101/VIDE1451654505750713_wap.shtml, subrequest returned 404
[Wed Jan 13 00:09:30.125853 2016] [include:error] [pid 29220] [client 10.254.0.201:34169] unable to include "/2012/util/all/sjbhy/index.shtml" in parsed file /data-1T/webserver/finance/20140425/ARTI1398387467242631_wap.shtml, subrequest returned 404
[Wed Jan 13 00:09:32.332286 2016] [autoindex:error] [pid 29299] [client 10.254.0.201:34488] AH01276: Cannot serve directory /data-1T/webserver/img/: No matching DirectoryIndex (index.htm,index.html,index.php,index.shtml) found, and server-generated directory index forbidden by Options directive
[Wed Jan 13 00:09:44.492490 2016] [include:error] [pid 29220] [client 10.254.0.201:36162] unable to include "/xwpdtybhy/brtnxdh/index.shtml" in parsed file /data-1T/webserver/tv/20150129/VIDE1422490096223438.shtml, subrequest returned 404
[Wed Jan 13 00:09:58.031631 2016] [include:error] [pid 29207] [client 10.254.0.201:37751] unable to include "/dcbhy/yl/index.shtml" in parsed file /data-1T/webserver/tv/20160111/ARTI1452482747866572_3.shtml, subrequest returned 404
